
Map of Debug\3beep.sm8 from link file Debug\3beep.lkf - Wed Jun 01 19:34:19 2011


                               --------
                               Segments
                               --------

start 00008080 end 00008091 length    17 segment .const
start 0000809f end 000093fe length  4959 segment .text
start 00009400 end 00009430 length    48 segment .TSL_IO_ALCODE
start 00004000 end 00004000 length     0 segment .eeprom
start 00000000 end 00000006 length     6 segment .bsct, initialized
start 00008099 end 0000809f length     6 segment .bsct, from
start 00000006 end 0000004c length    70 segment .ubsct
start 0000004c end 0000004c length     0 segment .bit
start 0000004c end 0000004c length     0 segment .share
start 00000100 end 00000100 length     0 segment .data
start 00000100 end 00000100 length     0 segment .bss
start 00000000 end 00000a46 length  2630 segment .info.
start 00000000 end 00006d80 length 28032 segment .debug
start 00008000 end 00008080 length   128 segment .const
start 00008091 end 00008099 length     8 segment .init


                               -------
                               Modules
                               -------

C:\Program Files (x86)\COSMIC\CXSTM8_32K\Lib\crtsi0.sm8:
start 0000809f end 000080ea length    75 section .text
start 00000100 end 00000100 length     0 section .bss
start 00000006 end 00000006 length     0 section .ubsct
start 00000000 end 0000002f length    47 section .info.

Debug\main.o:
start 000080ea end 00008231 length   327 section .text
start 00000000 end 00000001 length     1 section .bsct
start 00000000 end 000002e4 length   740 section .debug
start 0000002f end 000000ac length   125 section .info.

Debug\stm8s_beep.o:
start 00008231 end 000082c5 length   148 section .text
start 000002e4 end 000005bf length   731 section .debug
start 000000ac end 0000012f length   131 section .info.
start 00008080 end 00008084 length     4 section .const

Debug\stm8s_clk.o:
start 000082c5 end 000085d6 length   785 section .text
start 000005bf end 00001db4 length  6133 section .debug
start 0000012f end 000001b1 length   130 section .info.
start 00008084 end 00008090 length    12 section .const

Debug\stm8s_gpio.o:
start 000085d6 end 0000866c length   150 section .text
start 00001db4 end 000027be length  2570 section .debug
start 000001b1 end 00000234 length   131 section .info.

Debug\stm8s_tim3.o:
start 0000866c end 00008a12 length   934 section .text
start 000027be end 000045b7 length  7673 section .debug
start 00000234 end 000002b7 length   131 section .info.

Debug\stm8_tsl_rc_api.o:
start 00008a12 end 00008a97 length   133 section .text
start 00000006 end 0000002f length    41 section .ubsct
start 000045b7 end 000053f6 length  3647 section .debug
start 000002b7 end 0000033f length   136 section .info.

Debug\stm8_tsl_rc_iodriver.o:
start 00008a97 end 00008c7b length   484 section .text
start 0000002f end 00000041 length    18 section .ubsct
start 000053f6 end 00005b9d length  1959 section .debug
start 0000033f end 000003cc length   141 section .info.
start 00008090 end 00008091 length     1 section .const
start 00009400 end 0000942e length    46 section .TSL_IO_ALCODE

Debug\stm8_tsl_rc_multichannelkey.o:
start 00005b9d end 00005c4a length   173 section .debug
start 000003cc end 00000460 length   148 section .info.

Debug\stm8_tsl_rc_services.o:
start 00008c7b end 00008e5e length   483 section .text
start 00005c4a end 0000628a length  1600 section .debug
start 00000460 end 000004ed length   141 section .info.

Debug\stm8_tsl_rc_singlechannelkey.o:
start 00008e5e end 000090ae length   592 section .text
start 0000628a end 00006708 length  1150 section .debug
start 000004ed end 00000582 length   149 section .info.

Debug\stm8_tsl_rc_timerdriver.o:
start 000090ae end 00009162 length   180 section .text
start 00000001 end 00000006 length     5 section .bsct
start 00000041 end 00000042 length     1 section .ubsct
start 00006708 end 00006c15 length  1293 section .debug
start 00000582 end 00000612 length   144 section .info.

(C:\Program Files (x86)\COSMIC\CXSTM8_32K\Lib\libm0.sm8)cmulx.o:
start 00009162 end 00009176 length    20 section .text
start 00000612 end 00000641 length    47 section .info.

(C:\Program Files (x86)\COSMIC\CXSTM8_32K\Lib\libm0.sm8)imul.o:
start 00009176 end 00009197 length    33 section .text
start 00000641 end 0000066f length    46 section .info.

(C:\Program Files (x86)\COSMIC\CXSTM8_32K\Lib\libm0.sm8)ladc.o:
start 00009197 end 000091a8 length    17 section .text
start 0000066f end 0000069d length    46 section .info.

(C:\Program Files (x86)\COSMIC\CXSTM8_32K\Lib\libm0.sm8)lgadd.o:
start 000091a8 end 000091bf length    23 section .text
start 0000069d end 000006cc length    47 section .info.

(C:\Program Files (x86)\COSMIC\CXSTM8_32K\Lib\libm0.sm8)lgmul.o:
start 000091bf end 000091c7 length     8 section .text
start 000006cc end 000006fb length    47 section .info.

(C:\Program Files (x86)\COSMIC\CXSTM8_32K\Lib\libm0.sm8)lgursh.o:
start 000091c7 end 000091d5 length    14 section .text
start 000006fb end 0000072b length    48 section .info.

(C:\Program Files (x86)\COSMIC\CXSTM8_32K\Lib\libm0.sm8)llsh.o:
start 000091d5 end 000091e4 length    15 section .text
start 0000072b end 00000759 length    46 section .info.

(C:\Program Files (x86)\COSMIC\CXSTM8_32K\Lib\libm0.sm8)lmul.o:
start 000091e4 end 0000926f length   139 section .text
start 00000759 end 00000787 length    46 section .info.

(C:\Program Files (x86)\COSMIC\CXSTM8_32K\Lib\libm0.sm8)lreg.o:
start 00000042 end 00000046 length     4 section .ubsct
start 00000787 end 000007b5 length    46 section .info.

(C:\Program Files (x86)\COSMIC\CXSTM8_32K\Lib\libm0.sm8)ltor.o:
start 0000926f end 00009281 length    18 section .text
start 000007b5 end 000007e3 length    46 section .info.

(C:\Program Files (x86)\COSMIC\CXSTM8_32K\Lib\libm0.sm8)ludiv.o:
start 00009281 end 00009295 length    20 section .text
start 000007e3 end 00000812 length    47 section .info.

(C:\Program Files (x86)\COSMIC\CXSTM8_32K\Lib\libm0.sm8)ldiv.o:
start 00009295 end 00009380 length   235 section .text
start 00000812 end 00000840 length    46 section .info.

(C:\Program Files (x86)\COSMIC\CXSTM8_32K\Lib\libm0.sm8)lgneg.o:
start 00009380 end 00009393 length    19 section .text
start 00000840 end 0000086f length    47 section .info.

(C:\Program Files (x86)\COSMIC\CXSTM8_32K\Lib\libm0.sm8)lneg.o:
start 00009393 end 000093a8 length    21 section .text
start 0000086f end 0000089d length    46 section .info.

(C:\Program Files (x86)\COSMIC\CXSTM8_32K\Lib\libm0.sm8)rtol.o:
start 000093a8 end 000093ba length    18 section .text
start 0000089d end 000008cb length    46 section .info.

(C:\Program Files (x86)\COSMIC\CXSTM8_32K\Lib\libm0.sm8)utolx.o:
start 000093ba end 000093c1 length     7 section .text
start 000008cb end 000008fa length    47 section .info.

(C:\Program Files (x86)\COSMIC\CXSTM8_32K\Lib\libm0.sm8)umul.o:
start 000093c1 end 000093fd length    60 section .text
start 000008fa end 00000928 length    46 section .info.

(C:\Program Files (x86)\COSMIC\CXSTM8_32K\Lib\libm0.sm8)xreg.o:
start 00000046 end 00000049 length     3 section .ubsct
start 00000928 end 00000956 length    46 section .info.

(C:\Program Files (x86)\COSMIC\CXSTM8_32K\Lib\libm0.sm8)yreg.o:
start 00000049 end 0000004c length     3 section .ubsct
start 00000956 end 00000984 length    46 section .info.

Debug\stm8_interrupt_vector.o:
start 000093fd end 000093fe length     1 section .text
start 00006c15 end 00006d80 length   363 section .debug
start 00000984 end 00000a12 length   142 section .info.
start 00008000 end 00008080 length   128 section .const


                             -----------
                             Stack usage
                             -----------

Debug\main.o:
_Delay                                     4   (4)
_ExtraCode_Init                            3   (3)
_ExtraCode_StateMachine                    6   (2)
_GPIO_Configuration                        8   (2)
_LSIMeasurment                            39   (14)
_main                                 >   42   (3)

Debug\stm8_interrupt_vector.o:
f_NonHandledInterrupt                 >    5   (5)

Debug\stm8_tsl_rc_api.o:
_TSL_Action                               26   (2)
_TSL_Init                                  6   (2)

Debug\stm8_tsl_rc_iodriver.o:
_TSL_IO_Acquisition                       22   (19)
_TSL_IO_Clamp                              2   (2)
_TSL_IO_Init                               4   (2)
_TSL_IO_SW_Burst_Start_Timer               2   (2)
_TSL_IO_SW_Burst_Stop_Timer                2   (2)
_TSL_IO_SW_Burst_TestSyncShift             2   (2)
_TSL_IO_SW_Burst_Wait_Vih                  2   (2)
_TSL_IO_SW_Burst_Wait_Vil                  2   (2)
_TSL_IO_SW_Spread_Spectrum                 3   (3)

Debug\stm8_tsl_rc_services.o:
_TSL_DeltaCalculation                      2   (2)
_TSL_ECS                                  19   (13)
_TSL_SCKey_BackToDetectedState             2   (2)
_TSL_SCKey_BackToIdleState                 2   (2)
_TSL_SCKey_DES                             4   (4)
_TSL_SCKey_DetectionTimeout                4   (2)
_TSL_SCKey_SetCalibrationState             2   (2)
_TSL_SCKey_SetDetectedState                2   (2)
_TSL_SCKey_SetDisabledState                2   (2)
_TSL_SCKey_SetErrorState                   2   (2)
_TSL_SCKey_SetIdleState                    4   (2)
_TSL_SCKey_SetPostDetectState              2   (2)
_TSL_SCKey_SetPreDetectState               2   (2)
_TSL_SCKey_SetPreRecalibrationState   >    2   (2)
_TSL_SetStructPointer                      2   (2)

Debug\stm8_tsl_rc_singlechannelkey.o:
_TSL_SCKEY_P1_Acquisition                 24   (2)
_TSL_SCKey_CalibrationTreatment            6   (2)
_TSL_SCKey_CheckDisabled                   4   (2)
_TSL_SCKey_CheckEnabled                    4   (2)
_TSL_SCKey_CheckErrorCondition             2   (2)
_TSL_SCKey_DetectedTreatment               8   (2)
_TSL_SCKey_IdleTreatment                   8   (2)
_TSL_SCKey_Init                            4   (2)
_TSL_SCKey_PostDetectTreatment             6   (2)
_TSL_SCKey_PreDetectTreatment              6   (2)
_TSL_SCKey_PreRecalibrationTreatment       4   (2)
_TSL_SCKey_Process                        10   (2)

Debug\stm8_tsl_rc_timerdriver.o:
_TSL_Timer_Adjust                     >   10   (4)
_TSL_Timer_Check_100ms_Tick                4   (2)
_TSL_Timer_Check_10ms_Tick                 6   (2)
_TSL_Timer_Check_1sec_Tick                 2   (2)
_TSL_Timer_ISR                        >   17   (11)
_TSL_Timer_Init                            2   (2)

Debug\stm8s_beep.o:
_BEEP_Cmd                                  2   (2)
_BEEP_DeInit                          >    2   (2)
_BEEP_Init                                 3   (3)
_BEEP_LSICalibrationConfig                26   (12)

Debug\stm8s_clk.o:
_CLK_AdjustHSICalibrationValue        >    3   (3)
_CLK_CANConfig                        >    3   (3)
_CLK_CCOCmd                           >    2   (2)
_CLK_CCOConfig                        >    3   (3)
_CLK_ClearITPendingBit                >    2   (2)
_CLK_ClockSecuritySystemEnable        >    2   (2)
_CLK_ClockSwitchCmd                   >    2   (2)
_CLK_ClockSwitchConfig                >   10   (10)
_CLK_DeInit                           >    2   (2)
_CLK_FastHaltWakeUpCmd                >    2   (2)
_CLK_GetClockFreq                         25   (11)
_CLK_GetFlagStatus                    >    7   (7)
_CLK_GetITStatus                      >    4   (4)
_CLK_GetSYSCLKSource                  >    2   (2)
_CLK_HSECmd                           >    2   (2)
_CLK_HSICmd                           >    2   (2)
_CLK_HSIPrescalerConfig                    3   (3)
_CLK_ITConfig                         >    4   (4)
_CLK_LSICmd                           >    2   (2)
_CLK_PeripheralClockConfig            >    4   (4)
_CLK_SWIMConfig                       >    2   (2)
_CLK_SYSCLKConfig                     >    3   (3)
_CLK_SYSCLKEmergencyClear             >    2   (2)
_CLK_SlowActiveHaltWakeUpCmd          >    2   (2)

Debug\stm8s_gpio.o:
_GPIO_DeInit                               2   (2)
_GPIO_ExternalPullUpConfig            >    6   (6)
_GPIO_Init                                 6   (6)
_GPIO_ReadInputData                   >    2   (2)
_GPIO_ReadInputPin                    >    5   (5)
_GPIO_ReadOutputData                  >    2   (2)
_GPIO_Write                           >    5   (5)
_GPIO_WriteHigh                       >    5   (5)
_GPIO_WriteLow                        >    5   (5)
_GPIO_WriteReverse                    >    5   (5)

Debug\stm8s_tim3.o:
L3_TI1_Config                              6   (6)
L5_TI2_Config                              6   (6)
_TIM3_ARRPreloadConfig                >    2   (2)
_TIM3_CCxCmd                          >    4   (4)
_TIM3_ClearFlag                            4   (4)
_TIM3_ClearITPendingBit               >    2   (2)
_TIM3_Cmd                                  2   (2)
_TIM3_DeInit                          >    2   (2)
_TIM3_ForcedOC1Config                 >    3   (3)
_TIM3_ForcedOC2Config                 >    3   (3)
_TIM3_GenerateEvent                   >    2   (2)
_TIM3_GetCapture1                          6   (6)
_TIM3_GetCapture2                     >    6   (6)
_TIM3_GetCounter                      >    4   (4)
_TIM3_GetFlagStatus                   >    6   (6)
_TIM3_GetITStatus                     >    6   (6)
_TIM3_GetPrescaler                    >    2   (2)
_TIM3_ICInit                              13   (7)
_TIM3_ITConfig                        >    4   (4)
_TIM3_OC1Init                         >    8   (8)
_TIM3_OC1PolarityConfig               >    2   (2)
_TIM3_OC1PreloadConfig                >    2   (2)
_TIM3_OC2Init                         >    8   (8)
_TIM3_OC2PolarityConfig               >    2   (2)
_TIM3_OC2PreloadConfig                >    2   (2)
_TIM3_PWMIConfig                      >   15   (9)
_TIM3_PrescalerConfig                 >    2   (2)
_TIM3_SelectOCxM                      >    4   (4)
_TIM3_SelectOnePulseMode              >    2   (2)
_TIM3_SetAutoreload                   >    2   (2)
_TIM3_SetCompare1                     >    2   (2)
_TIM3_SetCompare2                     >    2   (2)
_TIM3_SetCounter                      >    2   (2)
_TIM3_SetIC1Prescaler                      3   (3)
_TIM3_SetIC2Prescaler                      3   (3)
_TIM3_TimeBaseInit                    >    5   (5)
_TIM3_UpdateDisableConfig             >    2   (2)
_TIM3_UpdateRequestConfig             >    2   (2)

Stack size: 59


                              ---------
                              Call tree
                              ---------
   1 > _BEEP_DeInit: (2)

   2 > _CLK_AdjustHSICalibrationValue: (3)

   3 > _CLK_CANConfig: (3)

   4 > _CLK_CCOCmd: (2)

   5 > _CLK_CCOConfig: (3)

   6 > _CLK_ClearITPendingBit: (2)

   7 > _CLK_ClockSecuritySystemEnable: (2)

   8 > _CLK_ClockSwitchCmd: (2)

   9 > _CLK_ClockSwitchConfig: (10)

  10 > _CLK_DeInit: (2)

  11 > _CLK_FastHaltWakeUpCmd: (2)

  12 > _CLK_GetFlagStatus: (7)

  13 > _CLK_GetITStatus: (4)

  14 > _CLK_GetSYSCLKSource: (2)

  15 > _CLK_HSECmd: (2)

  16 > _CLK_HSICmd: (2)

  17 > _CLK_ITConfig: (4)

  18 > _CLK_LSICmd: (2)

  19 > _CLK_PeripheralClockConfig: (4)

  20 > _CLK_SWIMConfig: (2)

  21 > _CLK_SYSCLKConfig: (3)

  22 > _CLK_SYSCLKEmergencyClear: (2)

  23 > _CLK_SlowActiveHaltWakeUpCmd: (2)

  24 > _GPIO_ExternalPullUpConfig: (6)

  25 > _GPIO_ReadInputData: (2)

  26 > _GPIO_ReadInputPin: (5)

  27 > _GPIO_ReadOutputData: (2)

  28 > _GPIO_Write: (5)

  29 > _GPIO_WriteHigh: (5)

  30 > _GPIO_WriteLow: (5)

  31 > _GPIO_WriteReverse: (5)

  32 > _TIM3_ARRPreloadConfig: (2)

  33 > _TIM3_CCxCmd: (4)

  34 > _TIM3_ClearITPendingBit: (2)

  35 > _TIM3_DeInit: (2)

  36 > _TIM3_ForcedOC1Config: (3)

  37 > _TIM3_ForcedOC2Config: (3)

  38 > _TIM3_GenerateEvent: (2)

  39 > _TIM3_GetCapture2: (6)

  40 > _TIM3_GetCounter: (4)

  41 > _TIM3_GetFlagStatus: (6)

  42 > _TIM3_GetITStatus: (6)

  43 > _TIM3_GetPrescaler: (2)

  44 > _TIM3_ITConfig: (4)

  45 > _TIM3_OC1Init: (8)

  46 > _TIM3_OC1PolarityConfig: (2)

  47 > _TIM3_OC1PreloadConfig: (2)

  48 > _TIM3_OC2Init: (8)

  49 > _TIM3_OC2PolarityConfig: (2)

  50 > _TIM3_OC2PreloadConfig: (2)

  51 > _TIM3_PWMIConfig: (9)
  52      + L3_TI1_Config: (6)
  53      + L5_TI2_Config: (6)
  54      + _TIM3_SetIC1Prescaler: (3)
  55      + _TIM3_SetIC2Prescaler: (3)
       
  56 > _TIM3_PrescalerConfig: (2)

  57 > _TIM3_SelectOCxM: (4)

  58 > _TIM3_SelectOnePulseMode: (2)

  59 > _TIM3_SetAutoreload: (2)

  60 > _TIM3_SetCompare1: (2)

  61 > _TIM3_SetCompare2: (2)

  62 > _TIM3_SetCounter: (2)

  63 > _TIM3_TimeBaseInit: (5)

  64 > _TIM3_UpdateDisableConfig: (2)

  65 > _TIM3_UpdateRequestConfig: (2)

  66 > _TSL_SCKey_SetPreRecalibrationState: (2)

  67 > _TSL_Timer_Adjust: (4)
  68      + _TSL_Timer_Check_10ms_Tick: (2)
  69      |    + _TSL_Timer_Check_100ms_Tick: (2)
  70      |    |    + _TSL_Timer_Check_1sec_Tick: (2)
          |    | 
          | 
       
  71 > _TSL_Timer_ISR: (11)
  72      + _TSL_Timer_Check_10ms_Tick --> 68
       
  73 > __stext: (0)

  74 > _main: (3)
  75      + _BEEP_LSICalibrationConfig: (12)
  76      + _CLK_HSIPrescalerConfig: (3)
  77      + _ExtraCode_Init: (3)
  78      + _ExtraCode_StateMachine: (2)
  79      |    + _BEEP_Cmd: (2)
  80      |    + _BEEP_Init: (3)
  81      |    + _Delay: (4)
          | 
  82      + _GPIO_Configuration: (2)
  83      |    + _GPIO_DeInit: (2)
  84      |    + _GPIO_Init: (6)
          | 
  85      + _LSIMeasurment: (14)
  86      |    + _CLK_GetClockFreq: (11)
  87      |    + _TIM3_ClearFlag: (4)
  88      |    + _TIM3_Cmd: (2)
  89      |    + _TIM3_GetCapture1: (6)
  90      |    + _TIM3_ICInit: (7)
  91      |    |    + L3_TI1_Config --> 52
  92      |    |    + L5_TI2_Config --> 53
  93      |    |    + _TIM3_SetIC1Prescaler --> 54
  94      |    |    + _TIM3_SetIC2Prescaler --> 55
          |    | 
          | 
  95      + _TSL_Action: (2)
  96      |    + _TSL_ECS: (13)
  97      |    |    + _TSL_DeltaCalculation: (2)
  98      |    |    + _TSL_SetStructPointer: (2)
          |    | 
  99      |    + _TSL_SCKEY_P1_Acquisition: (2)
 100      |    |    + _TSL_IO_Acquisition: (19)
 101      |    |    |    + _TSL_IO_Clamp: (2)
 102      |    |    |    + _TSL_IO_SW_Burst_Start_Timer: (2)
 103      |    |    |    + _TSL_IO_SW_Burst_Stop_Timer: (2)
 104      |    |    |    + _TSL_IO_SW_Burst_TestSyncShift: (2)
 105      |    |    |    + _TSL_IO_SW_Burst_Wait_Vih: (2)
 106      |    |    |    + _TSL_IO_SW_Burst_Wait_Vil: (2)
 107      |    |    |    + _TSL_IO_SW_Spread_Spectrum: (3)
          |    |    | 
 108      |    |    + _TSL_SetStructPointer --> 98
          |    | 
 109      |    + _TSL_SCKey_Process: (2)
 110      |    |    + _TSL_DeltaCalculation --> 97
 111      |    |    + _TSL_SCKey_CalibrationTreatment: (2)
 112      |    |    |    + _TSL_SCKey_SetIdleState: (2)
 113      |    |    |    |    + _TSL_SCKey_BackToIdleState: (2)
          |    |    |    | 
          |    |    | 
 114      |    |    + _TSL_SCKey_CheckDisabled: (2)
 115      |    |    |    + _TSL_SCKey_SetDisabledState: (2)
          |    |    | 
 116      |    |    + _TSL_SCKey_CheckEnabled: (2)
 117      |    |    |    + _TSL_SCKey_SetCalibrationState: (2)
          |    |    | 
 118      |    |    + _TSL_SCKey_CheckErrorCondition: (2)
 119      |    |    + _TSL_SCKey_DetectedTreatment: (2)
 120      |    |    |    + _TSL_SCKey_DetectionTimeout: (2)
 121      |    |    |    |    + _TSL_SCKey_SetCalibrationState --> 117
          |    |    |    | 
 122      |    |    |    + _TSL_SCKey_PostDetectTreatment: (2)
 123      |    |    |    |    + _TSL_SCKey_BackToDetectedState: (2)
 124      |    |    |    |    + _TSL_SCKey_SetIdleState --> 112
          |    |    |    | 
 125      |    |    |    + _TSL_SCKey_SetPostDetectState: (2)
          |    |    | 
 126      |    |    + _TSL_SCKey_IdleTreatment: (2)
 127      |    |    |    + _TSL_SCKey_PreDetectTreatment: (2)
 128      |    |    |    |    + _TSL_SCKey_BackToIdleState --> 113
 129      |    |    |    |    + _TSL_SCKey_DES: (4)
 130      |    |    |    |    + _TSL_SCKey_SetDetectedState: (2)
          |    |    |    | 
 131      |    |    |    + _TSL_SCKey_SetPreDetectState: (2)
          |    |    | 
 132      |    |    + _TSL_SCKey_PostDetectTreatment --> 122
 133      |    |    + _TSL_SCKey_PreDetectTreatment --> 127
 134      |    |    + _TSL_SCKey_PreRecalibrationTreatment: (2)
 135      |    |    |    + _TSL_SCKey_BackToIdleState --> 113
 136      |    |    |    + _TSL_SCKey_SetCalibrationState --> 117
          |    |    | 
 137      |    |    + _TSL_SCKey_SetErrorState: (2)
 138      |    |    + _TSL_SetStructPointer --> 98
          |    | 
          | 
 139      + _TSL_Init: (2)
 140      |    + _TSL_IO_Init: (2)
 141      |    |    + _TSL_IO_Clamp --> 101
          |    | 
 142      |    + _TSL_SCKey_Init: (2)
 143      |    |    + _TSL_SetStructPointer --> 98
          |    | 
 144      |    + _TSL_Timer_Init: (2)
          | 
       
 145 > f_NonHandledInterrupt: (5)

 146   L3_TI1_Config --> 52

 147   L5_TI2_Config --> 53

 148   _BEEP_Cmd --> 79

 149   _BEEP_Init --> 80

 150   _BEEP_LSICalibrationConfig --> 75

 151   _CLK_GetClockFreq --> 86

 152   _CLK_HSIPrescalerConfig --> 76

 153   _Delay --> 81

 154   _ExtraCode_Init --> 77

 155   _ExtraCode_StateMachine --> 78

 156   _GPIO_Configuration --> 82

 157   _GPIO_DeInit --> 83

 158   _GPIO_Init --> 84

 159   _LSIMeasurment --> 85

 160   _TIM3_ClearFlag --> 87

 161   _TIM3_Cmd --> 88

 162   _TIM3_GetCapture1 --> 89

 163   _TIM3_ICInit --> 90

 164   _TIM3_SetIC1Prescaler --> 54

 165   _TIM3_SetIC2Prescaler --> 55

 166   _TSL_Action --> 95

 167   _TSL_DeltaCalculation --> 97

 168   _TSL_ECS --> 96

 169   _TSL_IO_Acquisition --> 100

 170   _TSL_IO_Clamp --> 101

 171   _TSL_IO_Init --> 140

 172   _TSL_IO_SW_Burst_Start_Timer --> 102

 173   _TSL_IO_SW_Burst_Stop_Timer --> 103

 174   _TSL_IO_SW_Burst_TestSyncShift --> 104

 175   _TSL_IO_SW_Burst_Wait_Vih --> 105

 176   _TSL_IO_SW_Burst_Wait_Vil --> 106

 177   _TSL_IO_SW_Spread_Spectrum --> 107

 178   _TSL_Init --> 139

 179   _TSL_SCKEY_P1_Acquisition --> 99

 180   _TSL_SCKey_BackToDetectedState --> 123

 181   _TSL_SCKey_BackToIdleState --> 113

 182   _TSL_SCKey_CalibrationTreatment --> 111

 183   _TSL_SCKey_CheckDisabled --> 114

 184   _TSL_SCKey_CheckEnabled --> 116

 185   _TSL_SCKey_CheckErrorCondition --> 118

 186   _TSL_SCKey_DES --> 129

 187   _TSL_SCKey_DetectedTreatment --> 119

 188   _TSL_SCKey_DetectionTimeout --> 120

 189   _TSL_SCKey_IdleTreatment --> 126

 190   _TSL_SCKey_Init --> 142

 191   _TSL_SCKey_PostDetectTreatment --> 122

 192   _TSL_SCKey_PreDetectTreatment --> 127

 193   _TSL_SCKey_PreRecalibrationTreatment --> 134

 194   _TSL_SCKey_Process --> 109

 195   _TSL_SCKey_SetCalibrationState --> 117

 196   _TSL_SCKey_SetDetectedState --> 130

 197   _TSL_SCKey_SetDisabledState --> 115

 198   _TSL_SCKey_SetErrorState --> 137

 199   _TSL_SCKey_SetIdleState --> 112

 200   _TSL_SCKey_SetPostDetectState --> 125

 201   _TSL_SCKey_SetPreDetectState --> 131

 202   _TSL_SetStructPointer --> 98

 203   _TSL_Timer_Check_100ms_Tick --> 69

 204   _TSL_Timer_Check_10ms_Tick --> 68

 205   _TSL_Timer_Check_1sec_Tick --> 70

 206   _TSL_Timer_Init --> 144



                               -------
                               Symbols
                               -------

_AcquisitionBitMask                    00000030   defined in Debug\stm8_tsl_rc_iodriver.o section .ubsct
_BEEP_Cmd                              00008262   defined in Debug\stm8s_beep.o section .text
                                                  used in Debug\main.o
_BEEP_DeInit                           00008231   defined in Debug\stm8s_beep.o section .text
_BEEP_Init                             00008236   defined in Debug\stm8s_beep.o section .text
                                                  used in Debug\main.o
_BEEP_LSICalibrationConfig             0000826f   defined in Debug\stm8s_beep.o section .text
                                                  used in Debug\main.o
_CLKPrescTable                         00008088   defined in Debug\stm8s_clk.o section .const
_CLK_AdjustHSICalibrationValue         00008554   defined in Debug\stm8s_clk.o section .text
_CLK_CANConfig                         000084d7   defined in Debug\stm8s_clk.o section .text
_CLK_CCOCmd                            00008333   defined in Debug\stm8s_clk.o section .text
_CLK_CCOConfig                         0000845c   defined in Debug\stm8s_clk.o section .text
_CLK_ClearITPendingBit                 000085c8   defined in Debug\stm8s_clk.o section .text
_CLK_ClockSecuritySystemEnable         000084ea   defined in Debug\stm8s_clk.o section .text
_CLK_ClockSwitchCmd                    00008340   defined in Debug\stm8s_clk.o section .text
_CLK_ClockSwitchConfig                 000083c0   defined in Debug\stm8s_clk.o section .text
_CLK_DeInit                            000082c5   defined in Debug\stm8s_clk.o section .text
_CLK_FastHaltWakeUpCmd                 000082ff   defined in Debug\stm8s_clk.o section .text
_CLK_GetClockFreq                      000084f3   defined in Debug\stm8s_clk.o section .text
                                                  used in Debug\main.o
_CLK_GetFlagStatus                     00008566   defined in Debug\stm8s_clk.o section .text
_CLK_GetITStatus                       000085a9   defined in Debug\stm8s_clk.o section .text
_CLK_GetSYSCLKSource                   000084ef   defined in Debug\stm8s_clk.o section .text
_CLK_HSECmd                            0000830c   defined in Debug\stm8s_clk.o section .text
_CLK_HSICmd                            00008319   defined in Debug\stm8s_clk.o section .text
_CLK_HSIPrescalerConfig                00008449   defined in Debug\stm8s_clk.o section .text
                                                  used in Debug\main.o
_CLK_ITConfig                          00008473   defined in Debug\stm8s_clk.o section .text
_CLK_LSICmd                            00008326   defined in Debug\stm8s_clk.o section .text
_CLK_PeripheralClockConfig             0000835a   defined in Debug\stm8s_clk.o section .text
_CLK_SWIMConfig                        000084ca   defined in Debug\stm8s_clk.o section .text
_CLK_SYSCLKConfig                      000084a3   defined in Debug\stm8s_clk.o section .text
_CLK_SYSCLKEmergencyClear              00008561   defined in Debug\stm8s_clk.o section .text
_CLK_SlowActiveHaltWakeUpCmd           0000834d   defined in Debug\stm8s_clk.o section .text
_CounterStop                           00000032   defined in Debug\stm8_tsl_rc_iodriver.o section .ubsct
_Delay                                 00008225   defined in Debug\main.o section .text
_Delta                                 0000000e   defined in Debug\stm8_tsl_rc_api.o section .ubsct
                                                  used in Debug\stm8_tsl_rc_services.o
                                                          Debug\stm8_tsl_rc_singlechannelkey.o
_DetectionIntegrator                   00000018   defined in Debug\stm8_tsl_rc_api.o section .ubsct
                                                  used in Debug\stm8_tsl_rc_services.o
                                                          Debug\stm8_tsl_rc_singlechannelkey.o
_DetectionTimeout                      00000019   defined in Debug\stm8_tsl_rc_api.o section .ubsct
                                                  used in Debug\stm8_tsl_rc_services.o
_ECSTempoCounter                       00000007   defined in Debug\stm8_tsl_rc_api.o section .ubsct
                                                  used in Debug\stm8_tsl_rc_services.o
_ECSTempoPrescaler                     00000006   defined in Debug\stm8_tsl_rc_api.o section .ubsct
                                                  used in Debug\stm8_tsl_rc_services.o
_ECSTemporization                      00000014   defined in Debug\stm8_tsl_rc_api.o section .ubsct
                                                  used in Debug\stm8_tsl_rc_services.o
_ECSTimeStep                           00000015   defined in Debug\stm8_tsl_rc_api.o section .ubsct
                                                  used in Debug\stm8_tsl_rc_services.o
_ECSTimeStepCounter                    00000008   defined in Debug\stm8_tsl_rc_api.o section .ubsct
                                                  used in Debug\stm8_tsl_rc_services.o
_ECS_K_Fast                            00000013   defined in Debug\stm8_tsl_rc_api.o section .ubsct
                                                  used in Debug\stm8_tsl_rc_services.o
_ECS_K_Slow                            00000012   defined in Debug\stm8_tsl_rc_api.o section .ubsct
                                                  used in Debug\stm8_tsl_rc_services.o
_EndDetectionIntegrator                00000017   defined in Debug\stm8_tsl_rc_api.o section .ubsct
                                                  used in Debug\stm8_tsl_rc_services.o
                                                          Debug\stm8_tsl_rc_singlechannelkey.o
_ExtraCode_Init                        0000810e   defined in Debug\main.o section .text
_ExtraCode_StateMachine                00008127   defined in Debug\main.o section .text
_FinalMeasurementValue                 00000034   defined in Debug\stm8_tsl_rc_iodriver.o section .ubsct
_GPIO_Configuration                    00008195   defined in Debug\main.o section .text
_GPIO_DeInit                           000085d6   defined in Debug\stm8s_gpio.o section .text
                                                  used in Debug\main.o
_GPIO_ExternalPullUpConfig             00008656   defined in Debug\stm8s_gpio.o section .text
_GPIO_Init                             000085de   defined in Debug\stm8s_gpio.o section .text
                                                  used in Debug\main.o
_GPIO_ReadInputData                    0000864c   defined in Debug\stm8s_gpio.o section .text
_GPIO_ReadInputPin                     0000864f   defined in Debug\stm8s_gpio.o section .text
_GPIO_ReadOutputData                   0000864a   defined in Debug\stm8s_gpio.o section .text
_GPIO_Write                            0000862c   defined in Debug\stm8s_gpio.o section .text
_GPIO_WriteHigh                        00008634   defined in Debug\stm8s_gpio.o section .text
_GPIO_WriteLow                         0000863b   defined in Debug\stm8s_gpio.o section .text
_GPIO_WriteReverse                     00008643   defined in Debug\stm8s_gpio.o section .text
_HSIDivFactor                          00008084   defined in Debug\stm8s_clk.o section .const
_IT_Sync_Flags                         00000011   defined in Debug\stm8_tsl_rc_api.o section .ubsct
                                                  used in Debug\stm8_tsl_rc_iodriver.o
_KeyIndex                              00000010   defined in Debug\stm8_tsl_rc_api.o section .ubsct
                                                  used in Debug\stm8_tsl_rc_services.o
                                                          Debug\stm8_tsl_rc_singlechannelkey.o
_LSIMeasurment                         000081a7   defined in Debug\main.o section .text
_Local_TickECS10ms                     0000000a   defined in Debug\stm8_tsl_rc_api.o section .ubsct
                                                  used in Debug\stm8_tsl_rc_services.o
_Local_TickFlag                        00000009   defined in Debug\stm8_tsl_rc_api.o section .ubsct
                                                  used in Debug\stm8_tsl_rc_services.o
_RecalibrationIntegrator               00000016   defined in Debug\stm8_tsl_rc_api.o section .ubsct
                                                  used in Debug\stm8_tsl_rc_services.o
_SamplingShifter                       00000031   defined in Debug\stm8_tsl_rc_iodriver.o section .ubsct
_TIM3_ARRPreloadConfig                 0000882d   defined in Debug\stm8s_tim3.o section .text
_TIM3_CCxCmd                           00008872   defined in Debug\stm8s_tim3.o section .text
_TIM3_ClearFlag                        00008975   defined in Debug\stm8s_tim3.o section .text
                                                  used in Debug\main.o
_TIM3_ClearITPendingBit                000089ad   defined in Debug\stm8s_tim3.o section .text
_TIM3_Cmd                              000087c0   defined in Debug\stm8s_tim3.o section .text
                                                  used in Debug\main.o
_TIM3_DeInit                           0000866c   defined in Debug\stm8s_tim3.o section .text
_TIM3_ForcedOC1Config                  00008813   defined in Debug\stm8s_tim3.o section .text
_TIM3_ForcedOC2Config                  00008820   defined in Debug\stm8s_tim3.o section .text
_TIM3_GenerateEvent                    00008854   defined in Debug\stm8s_tim3.o section .text
_TIM3_GetCapture1                      000088fa   defined in Debug\stm8s_tim3.o section .text
                                                  used in Debug\main.o
_TIM3_GetCapture2                      00008917   defined in Debug\stm8s_tim3.o section .text
_TIM3_GetCounter                       00008934   defined in Debug\stm8s_tim3.o section .text
_TIM3_GetFlagStatus                    0000894e   defined in Debug\stm8s_tim3.o section .text
_TIM3_GetITStatus                      00008983   defined in Debug\stm8s_tim3.o section .text
_TIM3_GetPrescaler                     0000894a   defined in Debug\stm8s_tim3.o section .text
_TIM3_ICInit                           00008725   defined in Debug\stm8s_tim3.o section .text
                                                  used in Debug\main.o
_TIM3_ITConfig                         000087cd   defined in Debug\stm8s_tim3.o section .text
_TIM3_OC1Init                          000086c1   defined in Debug\stm8s_tim3.o section .text
_TIM3_OC1PolarityConfig                00008858   defined in Debug\stm8s_tim3.o section .text
_TIM3_OC1PreloadConfig                 0000883a   defined in Debug\stm8s_tim3.o section .text
_TIM3_OC2Init                          000086f3   defined in Debug\stm8s_tim3.o section .text
_TIM3_OC2PolarityConfig                00008865   defined in Debug\stm8s_tim3.o section .text
_TIM3_OC2PreloadConfig                 00008847   defined in Debug\stm8s_tim3.o section .text
_TIM3_PWMIConfig                       00008752   defined in Debug\stm8s_tim3.o section .text
_TIM3_PrescalerConfig                  0000880a   defined in Debug\stm8s_tim3.o section .text
_TIM3_SelectOCxM                       00008897   defined in Debug\stm8s_tim3.o section .text
_TIM3_SelectOnePulseMode               000087fd   defined in Debug\stm8s_tim3.o section .text
_TIM3_SetAutoreload                    000088c5   defined in Debug\stm8s_tim3.o section .text
_TIM3_SetCompare1                      000088ce   defined in Debug\stm8s_tim3.o section .text
_TIM3_SetCompare2                      000088d7   defined in Debug\stm8s_tim3.o section .text
_TIM3_SetCounter                       000088bc   defined in Debug\stm8s_tim3.o section .text
_TIM3_SetIC1Prescaler                  000088e0   defined in Debug\stm8s_tim3.o section .text
_TIM3_SetIC2Prescaler                  000088ed   defined in Debug\stm8s_tim3.o section .text
_TIM3_TimeBaseInit                     000086b1   defined in Debug\stm8s_tim3.o section .text
_TIM3_UpdateDisableConfig              000087e3   defined in Debug\stm8s_tim3.o section .text
_TIM3_UpdateRequestConfig              000087f0   defined in Debug\stm8s_tim3.o section .text
_TIMACQ_CNTR                           00005328   defined in Debug\stm8_tsl_rc_api.o
_TSLState                              0000002e   defined in Debug\stm8_tsl_rc_api.o section .ubsct
                                                  used in Debug\main.o
_TSL_Action                            00008a48   defined in Debug\stm8_tsl_rc_api.o section .text
                                                  used in Debug\main.o
_TSL_DeltaCalculation                  00008c89   defined in Debug\stm8_tsl_rc_services.o section .text
                                                  used in Debug\stm8_tsl_rc_singlechannelkey.o
_TSL_ECS                               00008d29   defined in Debug\stm8_tsl_rc_services.o section .text
                                                  used in Debug\stm8_tsl_rc_api.o
_TSL_GlobalSetting                     0000002c   defined in Debug\stm8_tsl_rc_api.o section .ubsct
                                                  used in Debug\main.o
_TSL_GlobalState                       0000002b   defined in Debug\stm8_tsl_rc_api.o section .ubsct
_TSL_IO_Acquisition                    00008af1   defined in Debug\stm8_tsl_rc_iodriver.o section .text
                                                  used in Debug\stm8_tsl_rc_singlechannelkey.o
_TSL_IO_Clamp                          00008acc   defined in Debug\stm8_tsl_rc_iodriver.o section .text
_TSL_IO_Init                           00008aad   defined in Debug\stm8_tsl_rc_iodriver.o section .text
                                                  used in Debug\stm8_tsl_rc_api.o
_TSL_IO_SW_Burst_Start_Timer           00008ae1   defined in Debug\stm8_tsl_rc_iodriver.o section .text
_TSL_IO_SW_Burst_Stop_Timer            00008ae6   defined in Debug\stm8_tsl_rc_iodriver.o section .text
_TSL_IO_SW_Burst_TestSyncShift         00009400   defined in Debug\stm8_tsl_rc_iodriver.o section .TSL_IO_ALCODE
_TSL_IO_SW_Burst_Wait_Vih              0000941a   defined in Debug\stm8_tsl_rc_iodriver.o section .TSL_IO_ALCODE
_TSL_IO_SW_Burst_Wait_Vil              00009406   defined in Debug\stm8_tsl_rc_iodriver.o section .TSL_IO_ALCODE
_TSL_IO_SW_Spread_Spectrum             00008a97   defined in Debug\stm8_tsl_rc_iodriver.o section .text
_TSL_Init                              00008a12   defined in Debug\stm8_tsl_rc_api.o section .text
                                                  used in Debug\main.o
_TSL_SCKEY_P1_Acquisition              00008e7b   defined in Debug\stm8_tsl_rc_singlechannelkey.o section .text
                                                  used in Debug\stm8_tsl_rc_api.o
_TSL_SCKey_BackToDetectedState         00008cdf   defined in Debug\stm8_tsl_rc_services.o section .text
                                                  used in Debug\stm8_tsl_rc_singlechannelkey.o
_TSL_SCKey_BackToIdleState             00008ca7   defined in Debug\stm8_tsl_rc_services.o section .text
                                                  used in Debug\stm8_tsl_rc_singlechannelkey.o
_TSL_SCKey_CalibrationTreatment        00009049   defined in Debug\stm8_tsl_rc_singlechannelkey.o section .text
_TSL_SCKey_CheckDisabled               00009075   defined in Debug\stm8_tsl_rc_singlechannelkey.o section .text
_TSL_SCKey_CheckEnabled                00009081   defined in Debug\stm8_tsl_rc_singlechannelkey.o section .text
_TSL_SCKey_CheckErrorCondition         00009091   defined in Debug\stm8_tsl_rc_singlechannelkey.o section .text
_TSL_SCKey_DES                         00008e16   defined in Debug\stm8_tsl_rc_services.o section .text
                                                  used in Debug\stm8_tsl_rc_singlechannelkey.o
_TSL_SCKey_DetectedTreatment           00008fb4   defined in Debug\stm8_tsl_rc_singlechannelkey.o section .text
_TSL_SCKey_DetectionTimeout            00008e4b   defined in Debug\stm8_tsl_rc_services.o section .text
                                                  used in Debug\stm8_tsl_rc_singlechannelkey.o
_TSL_SCKey_IdleTreatment               00008f51   defined in Debug\stm8_tsl_rc_singlechannelkey.o section .text
_TSL_SCKey_Init                        00008e5e   defined in Debug\stm8_tsl_rc_singlechannelkey.o section .text
                                                  used in Debug\stm8_tsl_rc_api.o
_TSL_SCKey_PostDetectTreatment         00008ff0   defined in Debug\stm8_tsl_rc_singlechannelkey.o section .text
_TSL_SCKey_PreDetectTreatment          00008f82   defined in Debug\stm8_tsl_rc_singlechannelkey.o section .text
_TSL_SCKey_PreRecalibrationTreatment   00009028   defined in Debug\stm8_tsl_rc_singlechannelkey.o section .text
_TSL_SCKey_Process                     00008ec7   defined in Debug\stm8_tsl_rc_singlechannelkey.o section .text
                                                  used in Debug\stm8_tsl_rc_api.o
_TSL_SCKey_SetCalibrationState         00008cf1   defined in Debug\stm8_tsl_rc_services.o section .text
                                                  used in Debug\stm8_tsl_rc_singlechannelkey.o
_TSL_SCKey_SetDetectedState            00008cc1   defined in Debug\stm8_tsl_rc_services.o section .text
                                                  used in Debug\stm8_tsl_rc_singlechannelkey.o
_TSL_SCKey_SetDisabledState            00008d19   defined in Debug\stm8_tsl_rc_services.o section .text
                                                  used in Debug\stm8_tsl_rc_singlechannelkey.o
_TSL_SCKey_SetErrorState               00008d09   defined in Debug\stm8_tsl_rc_services.o section .text
                                                  used in Debug\stm8_tsl_rc_singlechannelkey.o
_TSL_SCKey_SetIdleState                00008c9d   defined in Debug\stm8_tsl_rc_services.o section .text
                                                  used in Debug\stm8_tsl_rc_singlechannelkey.o
_TSL_SCKey_SetPostDetectState          00008cd3   defined in Debug\stm8_tsl_rc_services.o section .text
                                                  used in Debug\stm8_tsl_rc_singlechannelkey.o
_TSL_SCKey_SetPreDetectState           00008cb5   defined in Debug\stm8_tsl_rc_services.o section .text
                                                  used in Debug\stm8_tsl_rc_singlechannelkey.o
_TSL_SCKey_SetPreRecalibrationState    00008ce5   defined in Debug\stm8_tsl_rc_services.o section .text
_TSL_SetStructPointer                  00008c7b   defined in Debug\stm8_tsl_rc_services.o section .text
                                                  used in Debug\stm8_tsl_rc_singlechannelkey.o
_TSL_TempGlobalSetting                 0000000c   defined in Debug\stm8_tsl_rc_api.o section .ubsct
                                                  used in Debug\stm8_tsl_rc_singlechannelkey.o
_TSL_TempGlobalState                   0000000b   defined in Debug\stm8_tsl_rc_api.o section .ubsct
                                                  used in Debug\stm8_tsl_rc_singlechannelkey.o
_TSL_TickCount_ECS_10ms                00000004   defined in Debug\stm8_tsl_rc_timerdriver.o section .bsct, initialized
                                                  used in Debug\stm8_tsl_rc_services.o
_TSL_Tick_100ms                        00000003   defined in Debug\stm8_tsl_rc_timerdriver.o section .bsct, initialized
_TSL_Tick_10ms                         00000002   defined in Debug\stm8_tsl_rc_timerdriver.o section .bsct, initialized
_TSL_Tick_Base                         00000001   defined in Debug\stm8_tsl_rc_timerdriver.o section .bsct, initialized
_TSL_Tick_Flags                        00000041   defined in Debug\stm8_tsl_rc_timerdriver.o section .ubsct
                                                  used in Debug\stm8_tsl_rc_api.o
_TSL_Tick_User                         00000005   defined in Debug\stm8_tsl_rc_timerdriver.o section .bsct, initialized
_TSL_Timer_Adjust                      00009140   defined in Debug\stm8_tsl_rc_timerdriver.o section .text
_TSL_Timer_Check_100ms_Tick            000090e6   defined in Debug\stm8_tsl_rc_timerdriver.o section .text
_TSL_Timer_Check_10ms_Tick             000090f3   defined in Debug\stm8_tsl_rc_timerdriver.o section .text
_TSL_Timer_Check_1sec_Tick             000090d9   defined in Debug\stm8_tsl_rc_timerdriver.o section .text
_TSL_Timer_ISR                         00009102   defined in Debug\stm8_tsl_rc_timerdriver.o section .text
                                                  used in Debug\stm8_interrupt_vector.o
_TSL_Timer_Init                        000090ae   defined in Debug\stm8_tsl_rc_timerdriver.o section .text
                                                  used in Debug\stm8_tsl_rc_api.o
_Table_SCKEY_BITS                      00008090   defined in Debug\stm8_tsl_rc_iodriver.o section .const
                                                  used in Debug\stm8_tsl_rc_singlechannelkey.o
__endmem                               000005ff   defined in command file
                                                  *** not used ***
__endzp                                0000004c   defined in command file section .ubsct
                                                  used in C:\Program Files (x86)\COSMIC\CXSTM8_32K\Lib\crtsi0.sm8
__idesc__                              00008091   defined in linker section .init
                                                  used in C:\Program Files (x86)\COSMIC\CXSTM8_32K\Lib\crtsi0.sm8
__memory                               00000100   defined in command file section .bss
                                                  used in C:\Program Files (x86)\COSMIC\CXSTM8_32K\Lib\crtsi0.sm8
__stack                                000007ff   defined in command file
                                                  used in C:\Program Files (x86)\COSMIC\CXSTM8_32K\Lib\crtsi0.sm8
__startmem                             00000100   defined in command file section .bss
                                                  *** not used ***
__stext                                0000809f   defined in C:\Program Files (x86)\COSMIC\CXSTM8_32K\Lib\crtsi0.sm8 section .text
                                                  used in Debug\stm8_interrupt_vector.o
__vectab                               00008000   defined in Debug\stm8_interrupt_vector.o section .const
_exit                                  000080e8   defined in C:\Program Files (x86)\COSMIC\CXSTM8_32K\Lib\crtsi0.sm8 section .text
_icount                                00000000   defined in Debug\main.o section .bsct, initialized
_main                                  000080ea   defined in Debug\main.o section .text
                                                  used in C:\Program Files (x86)\COSMIC\CXSTM8_32K\Lib\crtsi0.sm8
_pKeyStruct                            00000029   defined in Debug\stm8_tsl_rc_api.o section .ubsct
                                                  used in Debug\stm8_tsl_rc_iodriver.o
                                                          Debug\stm8_tsl_rc_services.o
                                                          Debug\stm8_tsl_rc_singlechannelkey.o
_sSCKeyInfo                            0000001a   defined in Debug\stm8_tsl_rc_api.o section .ubsct
                                                  used in Debug\main.o
                                                          Debug\stm8_tsl_rc_services.o
                                                          Debug\stm8_tsl_rc_singlechannelkey.o
_sTouchIO                              00000038   defined in Debug\stm8_tsl_rc_iodriver.o section .ubsct
                                                  used in Debug\stm8_tsl_rc_singlechannelkey.o
c_cmulx                                00009162   defined in (C:\Program Files (x86)\COSMIC\CXSTM8_32K\Lib\libm0.sm8)cmulx.o section .text
                                                  used in Debug\stm8_tsl_rc_iodriver.o
c_divsl                                00009295   defined in (C:\Program Files (x86)\COSMIC\CXSTM8_32K\Lib\libm0.sm8)ldiv.o section .text
                                                  *** not used ***
c_divul                                000092ac   defined in (C:\Program Files (x86)\COSMIC\CXSTM8_32K\Lib\libm0.sm8)ldiv.o section .text
                                                  used in (C:\Program Files (x86)\COSMIC\CXSTM8_32K\Lib\libm0.sm8)ludiv.o
c_imul                                 00009176   defined in (C:\Program Files (x86)\COSMIC\CXSTM8_32K\Lib\libm0.sm8)imul.o section .text
                                                  used in Debug\stm8s_beep.o
c_ladc                                 00009197   defined in (C:\Program Files (x86)\COSMIC\CXSTM8_32K\Lib\libm0.sm8)ladc.o section .text
                                                  used in Debug\stm8_tsl_rc_services.o
c_lgadd                                000091a8   defined in (C:\Program Files (x86)\COSMIC\CXSTM8_32K\Lib\libm0.sm8)lgadd.o section .text
                                                  used in Debug\stm8_tsl_rc_iodriver.o
                                                          Debug\stm8_tsl_rc_services.o
c_lgmul                                000091bf   defined in (C:\Program Files (x86)\COSMIC\CXSTM8_32K\Lib\libm0.sm8)lgmul.o section .text
                                                  used in Debug\stm8_tsl_rc_services.o
c_lgneg                                00009380   defined in (C:\Program Files (x86)\COSMIC\CXSTM8_32K\Lib\libm0.sm8)lgneg.o section .text
                                                  used in (C:\Program Files (x86)\COSMIC\CXSTM8_32K\Lib\libm0.sm8)ldiv.o
c_lgursh                               000091c7   defined in (C:\Program Files (x86)\COSMIC\CXSTM8_32K\Lib\libm0.sm8)lgursh.o section .text
                                                  used in Debug\stm8_tsl_rc_iodriver.o
c_llsh                                 000091d5   defined in (C:\Program Files (x86)\COSMIC\CXSTM8_32K\Lib\libm0.sm8)llsh.o section .text
                                                  used in Debug\main.o
c_lmul                                 000091e4   defined in (C:\Program Files (x86)\COSMIC\CXSTM8_32K\Lib\libm0.sm8)lmul.o section .text
                                                  used in Debug\stm8_tsl_rc_services.o
                                                          (C:\Program Files (x86)\COSMIC\CXSTM8_32K\Lib\libm0.sm8)lgmul.o
c_lmulc                                000091ec   defined in (C:\Program Files (x86)\COSMIC\CXSTM8_32K\Lib\libm0.sm8)lmul.o section .text
                                                  *** not used ***
c_lneg                                 00009393   defined in (C:\Program Files (x86)\COSMIC\CXSTM8_32K\Lib\libm0.sm8)lneg.o section .text
                                                  used in (C:\Program Files (x86)\COSMIC\CXSTM8_32K\Lib\libm0.sm8)ldiv.o
c_lreg                                 00000042   defined in (C:\Program Files (x86)\COSMIC\CXSTM8_32K\Lib\libm0.sm8)lreg.o section .ubsct
                                                  used in Debug\main.o
                                                          Debug\stm8s_beep.o
                                                          Debug\stm8s_clk.o
                                                          Debug\stm8_tsl_rc_services.o
                                                          (C:\Program Files (x86)\COSMIC\CXSTM8_32K\Lib\libm0.sm8)cmulx.o
                                                          (C:\Program Files (x86)\COSMIC\CXSTM8_32K\Lib\libm0.sm8)ladc.o
                                                          (C:\Program Files (x86)\COSMIC\CXSTM8_32K\Lib\libm0.sm8)lgadd.o
                                                          (C:\Program Files (x86)\COSMIC\CXSTM8_32K\Lib\libm0.sm8)llsh.o
                                                          (C:\Program Files (x86)\COSMIC\CXSTM8_32K\Lib\libm0.sm8)lmul.o
                                                          (C:\Program Files (x86)\COSMIC\CXSTM8_32K\Lib\libm0.sm8)ltor.o
                                                          (C:\Program Files (x86)\COSMIC\CXSTM8_32K\Lib\libm0.sm8)ldiv.o
                                                          (C:\Program Files (x86)\COSMIC\CXSTM8_32K\Lib\libm0.sm8)lneg.o
                                                          (C:\Program Files (x86)\COSMIC\CXSTM8_32K\Lib\libm0.sm8)rtol.o
                                                          (C:\Program Files (x86)\COSMIC\CXSTM8_32K\Lib\libm0.sm8)utolx.o
                                                          (C:\Program Files (x86)\COSMIC\CXSTM8_32K\Lib\libm0.sm8)umul.o
c_ltor                                 0000926f   defined in (C:\Program Files (x86)\COSMIC\CXSTM8_32K\Lib\libm0.sm8)ltor.o section .text
                                                  used in Debug\main.o
                                                          Debug\stm8s_beep.o
                                                          Debug\stm8s_clk.o
c_ludv                                 00009281   defined in (C:\Program Files (x86)\COSMIC\CXSTM8_32K\Lib\libm0.sm8)ludiv.o section .text
                                                  used in Debug\main.o
                                                          Debug\stm8s_beep.o
                                                          Debug\stm8s_clk.o
c_rtol                                 000093a8   defined in (C:\Program Files (x86)\COSMIC\CXSTM8_32K\Lib\libm0.sm8)rtol.o section .text
                                                  used in Debug\main.o
                                                          Debug\stm8s_clk.o
                                                          Debug\stm8_tsl_rc_iodriver.o
                                                          Debug\stm8_tsl_rc_services.o
                                                          (C:\Program Files (x86)\COSMIC\CXSTM8_32K\Lib\libm0.sm8)lgmul.o
c_uitolx                               000093ba   defined in (C:\Program Files (x86)\COSMIC\CXSTM8_32K\Lib\libm0.sm8)utolx.o section .text
                                                  used in Debug\main.o
                                                          Debug\stm8_tsl_rc_iodriver.o
c_umul                                 000093c1   defined in (C:\Program Files (x86)\COSMIC\CXSTM8_32K\Lib\libm0.sm8)umul.o section .text
                                                  used in Debug\stm8_tsl_rc_iodriver.o
                                                          Debug\stm8_tsl_rc_services.o
c_x                                    00000046   defined in (C:\Program Files (x86)\COSMIC\CXSTM8_32K\Lib\libm0.sm8)xreg.o section .ubsct
                                                  used in C:\Program Files (x86)\COSMIC\CXSTM8_32K\Lib\crtsi0.sm8
                                                          Debug\stm8s_beep.o
                                                          Debug\stm8_tsl_rc_services.o
                                                          Debug\stm8_tsl_rc_timerdriver.o
                                                          (C:\Program Files (x86)\COSMIC\CXSTM8_32K\Lib\libm0.sm8)imul.o
                                                          (C:\Program Files (x86)\COSMIC\CXSTM8_32K\Lib\libm0.sm8)lmul.o
                                                          (C:\Program Files (x86)\COSMIC\CXSTM8_32K\Lib\libm0.sm8)ldiv.o
                                                          (C:\Program Files (x86)\COSMIC\CXSTM8_32K\Lib\libm0.sm8)umul.o
c_y                                    00000049   defined in (C:\Program Files (x86)\COSMIC\CXSTM8_32K\Lib\libm0.sm8)yreg.o section .ubsct
                                                  used in C:\Program Files (x86)\COSMIC\CXSTM8_32K\Lib\crtsi0.sm8
                                                          Debug\stm8_tsl_rc_singlechannelkey.o
                                                          Debug\stm8_tsl_rc_timerdriver.o
                                                          (C:\Program Files (x86)\COSMIC\CXSTM8_32K\Lib\libm0.sm8)umul.o
f_NonHandledInterrupt                  000093fd   defined in Debug\stm8_interrupt_vector.o section .text
